  ✅ 引擎已静默 90s,开测
=== MTP arm k=4 @ http://localhost:8000/v1 ===
warm-up(5 条长生成 + 4 条短)…

--- decode by content (temp 0, warm, best-of-2) ---
prompt       tok    sec    tok/s
count300    1092  14.99     72.9
mult12       900  12.55     71.7
json60       800  11.21     71.4
bst          600   8.94     67.1
story        282   8.38     33.7

--- k=4 的投机解码剖面(计数,非计时)---
  每次 draft 提议      4.00 tok   ← 行为验证通过 (声称 k=4)
  总接受率             87.4%
  **每步产出**         4.498 tok/step   (理论上限 5.00)
  引擎步数             1648 steps / 113.7s busy
  step/s               14.49 实测   vs 14.09 反推   (差 2.8%)

  按 draft 位置:
    pos0: 无条件  93.5%   条件  93.5%
    pos1: 无条件  88.5%   条件  94.7%
    pos2: 无条件  84.9%   条件  95.9%
    pos3: 无条件  82.9%   条件  97.7%

===== ARM k=4 =====
decode mean 63.4 tok/s  |  count300=72.9  mult12=71.7  json60=71.4  bst=67.1  story=33.7
tok/step 4.498  |  step/s 14.49  |  独占 OK (10 reqs, 0 foreign)
